---
source: crates/forge/tests/e2e/debugging.rs
expression: stdout
---



[PASS] debugging_events_integrationtest::test_trace::test_debugging_trace_eventless_success (l1_gas: ~0, l1_data_gas: ~96, l2_gas: ~276040)
[test name] debugging_events_integrationtest::test_trace::test_debugging_trace_eventless_success
└─ [selector] do_not_emit
   └─ [events] []
