---
source: crates/forge/tests/e2e/gas_report.rs
expression: stdout
---



[PASS] debugging_integrationtest::test_trace::test_debugging_trace_success (l1_gas: ~0, l1_data_gas: ~288, l2_gas: ~1519900)
╭-------------------------+-------+--------+--------+---------+---------╮
| SimpleContract Contract |       |        |        |         |         |
+=======================================================================+
| Function Name           | Min   | Max    | Avg    | Std Dev | # Calls |
|-------------------------+-------+--------+--------+---------+---------|
| execute_calls           | 39120 | 746680 | 244412 | 279862  | 5       |
|-------------------------+-------+--------+--------+---------+---------|
| fail                    | 17950 | 17950  | 17950  | 0       | 1       |
╰-------------------------+-------+--------+--------+---------+---------╯
