---
source: crates/forge/tests/e2e/gas_report.rs
expression: stdout
---



[PASS] debugging_no_abi_integrationtest::test_trace::test_nested_safe_call_no_abi (l1_gas: ~0, l1_data_gas: ~96, l2_gas: ~383870)
╭-------------------------------------------------------------------+--------+--------+--------+---------+---------╮
| CallerContract Contract                                           |        |        |        |         |         |
+==================================================================================================================+
| Function Name                                                     | Min    | Max    | Avg    | Std Dev | # Calls |
|-------------------------------------------------------------------+--------+--------+--------+---------+---------|
| 0x32564d7e0fe091d49b4c20f4632191e4ed6986bf993849879abfef9465def25 | 109200 | 109200 | 109200 | 0       | 1       |
╰-------------------------------------------------------------------+--------+--------+--------+---------+---------╯
