---
source: crates/forge/tests/e2e/backtrace.rs
expression: stdout
---


[FAIL] backtrace_test_should_panic_mismatch::tests::test_panics_in_test_body_with_should_panic_mismatch

Failure data:
    Incorrect panic data
    Actual:    [0x417373657274206661696c6564] (Assert failed)
    Expected:  [0x77726f6e67206d7367] (wrong msg)

error occurred in test 'backtrace_test_should_panic_mismatch::tests::test_panics_in_test_body_with_should_panic_mismatch'
stack backtrace:
   0: core::panic_with_const_felt252
       at [..]lib.cairo:360:5
   1: core::panic_with_const_felt252
       at [..]lib.cairo:360:5
   2: (inlined) backtrace_test_should_panic_mismatch::tests::test_panics_in_test_body_with_should_panic_mismatch
       at [..]lib.cairo:14:5
   3: backtrace_test_should_panic_mismatch::tests::test_panics_in_test_body_with_should_panic_mismatch__snforge_internal_test_generated
       at [..]lib.cairo:14:5


Failures:
    backtrace_test_should_panic_mismatch::tests::test_panics_in_test_body_with_should_panic_mismatch
