---
source: crates/forge/tests/e2e/backtrace.rs
expression: stdout
---
[FAIL] backtrace_panic::Test::test_contract_panics

Failure data:
    (0x417373657274206661696c6564 ('Assert failed'), 0x454e545259504f494e545f4641494c4544 ('ENTRYPOINT_FAILED'), 0x454e545259504f494e545f4641494c4544 ('ENTRYPOINT_FAILED'))

error occurred in contract 'InnerContract'
stack backtrace:
   0: core::panic_with_const_felt252
       at [..]lib.cairo:364:5
   1: core::panic_with_const_felt252
       at [..]lib.cairo:364:5
   2: backtrace_panic::InnerContract::__wrapper__InnerContract__inner
       at [..]lib.cairo:34:9

error occurred in contract 'OuterContract'
stack backtrace:
   0: backtrace_panic::OuterContract::__wrapper__OuterContract__outer
       at [..]lib.cairo:15:9

[IGNORE] backtrace_panic::Test::test_contract_panics_with_should_panic
[FAIL] backtrace_panic::Test::test_fork_contract_panics

Failure data:
    (0x417373657274206661696c6564 ('Assert failed'), 0x454e545259504f494e545f4641494c4544 ('ENTRYPOINT_FAILED'), 0x454e545259504f494e545f4641494c4544 ('ENTRYPOINT_FAILED'))

error occurred in forked contract with class hash: 0x554cb276fb5eb0788344f5431b9a166e2f445d8a91c7aef79d8c77e7eede956

error occurred in contract 'OuterContract'
stack backtrace:
   0: backtrace_panic::OuterContract::__wrapper__OuterContract__outer
       at [..]lib.cairo:15:9


Failures:
    backtrace_panic::Test::test_contract_panics
    backtrace_panic::Test::test_fork_contract_panics
