---
source: tests/integration/fuzzable.rs
expression: format_output(&result)
---
impl FuzzableContainerImpl<
    T, +snforge_std::fuzzable::Fuzzable<T>, +core::fmt::Debug<T>, +core::clone::Clone<T>,
> of snforge_std::fuzzable::Fuzzable<Container<T, _>> {
    fn blank() -> Container<T, _> {
        Container { value: snforge_std::fuzzable::Fuzzable::<T>::blank() }
    }
    fn generate() -> Container<T, _> {
        Container { value: snforge_std::fuzzable::Fuzzable::<T>::generate() }
    }
}
