---
source: tests/integration/fuzzable.rs
expression: format_output(&result)
---
impl FuzzableContainerImpl<> of snforge_std::fuzzable::Fuzzable<Container<>> {
    fn blank() -> Container<> {
        Container {
            inner: snforge_std::fuzzable::Fuzzable::<Option<u64>>::blank(),
            count: snforge_std::fuzzable::Fuzzable::<u32>::blank(),
        }
    }
    fn generate() -> Container<> {
        Container {
            inner: snforge_std::fuzzable::Fuzzable::<Option<u64>>::generate(),
            count: snforge_std::fuzzable::Fuzzable::<u32>::generate(),
        }
    }
}
