---
source: tests/integration/fuzzable.rs
expression: format_output(&result)
---
impl FuzzableWrappedImpl<> of snforge_std::fuzzable::Fuzzable<Wrapped<>> {
    fn blank() -> Wrapped<> {
        Wrapped::Value(snforge_std::fuzzable::Fuzzable::<u64>::blank())
    }
    fn generate() -> Wrapped<> {
        let variant_idx = snforge_std::fuzzable::generate_arg(0, 0);
        match variant_idx {
            0 => { Wrapped::Value(snforge_std::fuzzable::Fuzzable::<u64>::generate()) },
            _ => panic!("unexpected value of generate_arg cheatcode"),
        }
    }
}
